// Jest Snapshot v1, https://goo.gl/fbAQLP

exports[`Pruebas en Gif Grid Item Debe mostrar el componente correctamente 1`] = `
<div
  className="card animate__animated animate__fadeIn"
>
  <img
    alt="Titulo"
    src="https://www.xxx.com/666"
  />
  <p>
     
    Titulo
     
  </p>
</div>
`;
